com\holiday\finder\model\Comment.class
com\holiday\finder\repository\DestinationRepository.class
com\holiday\finder\repository\PlaceRepository.class
com\holiday\finder\aspects\LogginAspect1.class
com\holiday\finder\Spring5JpaApplication.class
com\holiday\finder\model\Country.class
com\holiday\finder\model\Destination.class
com\holiday\finder\service\CommentService.class
com\holiday\finder\service\PlaceService.class
com\holiday\finder\model\Hello.class
com\holiday\finder\service\impl\CommentServiceImpl.class
com\holiday\finder\service\impl\SeasonServiceImpl.class
com\holiday\finder\service\CategoryService.class
com\holiday\finder\repository\CommentRepository.class
com\holiday\finder\service\UserService.class
com\holiday\finder\config\SecurityWebApplicationInitializer.class
com\holiday\finder\service\impl\CountryServiceImpl.class
com\holiday\finder\service\CountryService.class
com\holiday\finder\service\impl\UserServiceImpl.class
com\holiday\finder\config\AOPConfig.class
com\holiday\finder\repository\CategoryRepository.class
com\holiday\finder\aspects\LoggingAspect2.class
com\holiday\finder\controller\PlaceController.class
com\holiday\finder\service\impl\PlaceServiceImpl.class
com\holiday\finder\model\Season.class
com\holiday\finder\service\DestinationService.class
com\holiday\finder\config\SecurityConfig.class
com\holiday\finder\service\impl\DestinationServiceImpl.class
com\holiday\finder\aspects\LoggingAspect3.class
com\holiday\finder\service\SeasonService.class
com\holiday\finder\model\Place.class
com\holiday\finder\controller\IndexController.class
com\holiday\finder\repository\CountryRepository.class
com\holiday\finder\service\impl\CategoryServiceImpl.class
com\holiday\finder\model\Category.class
com\holiday\finder\repository\SeasonRepository.class
