C:\Users\Alenut\Google Drive\FACULTATE 2015\ANUL 1 MASTER (2018-2019)\SEMESTRUL2\AplProfInBDOO\holiday-finder-app\src\main\java\com\holiday\finder\config\SecurityWebApplicationInitializer.java
C:\Users\Alenut\Google Drive\FACULTATE 2015\ANUL 1 MASTER (2018-2019)\SEMESTRUL2\AplProfInBDOO\holiday-finder-app\src\main\java\com\holiday\finder\repository\PlaceRepository.java
C:\Users\Alenut\Google Drive\FACULTATE 2015\ANUL 1 MASTER (2018-2019)\SEMESTRUL2\AplProfInBDOO\holiday-finder-app\src\main\java\com\holiday\finder\service\DestinationService.java
C:\Users\Alenut\Google Drive\FACULTATE 2015\ANUL 1 MASTER (2018-2019)\SEMESTRUL2\AplProfInBDOO\holiday-finder-app\src\main\java\com\holiday\finder\aspects\LoggingAspect2.java
C:\Users\Alenut\Google Drive\FACULTATE 2015\ANUL 1 MASTER (2018-2019)\SEMESTRUL2\AplProfInBDOO\holiday-finder-app\src\main\java\com\holiday\finder\service\impl\CountryServiceImpl.java
C:\Users\Alenut\Google Drive\FACULTATE 2015\ANUL 1 MASTER (2018-2019)\SEMESTRUL2\AplProfInBDOO\holiday-finder-app\src\main\java\com\holiday\finder\repository\SeasonRepository.java
C:\Users\Alenut\Google Drive\FACULTATE 2015\ANUL 1 MASTER (2018-2019)\SEMESTRUL2\AplProfInBDOO\holiday-finder-app\src\main\java\com\holiday\finder\service\impl\CommentServiceImpl.java
C:\Users\Alenut\Google Drive\FACULTATE 2015\ANUL 1 MASTER (2018-2019)\SEMESTRUL2\AplProfInBDOO\holiday-finder-app\src\main\java\com\holiday\finder\model\User.java
C:\Users\Alenut\Google Drive\FACULTATE 2015\ANUL 1 MASTER (2018-2019)\SEMESTRUL2\AplProfInBDOO\holiday-finder-app\src\main\java\com\holiday\finder\model\Destination.java
C:\Users\Alenut\Google Drive\FACULTATE 2015\ANUL 1 MASTER (2018-2019)\SEMESTRUL2\AplProfInBDOO\holiday-finder-app\src\main\java\com\holiday\finder\repository\UserRepository.java
C:\Users\Alenut\Google Drive\FACULTATE 2015\ANUL 1 MASTER (2018-2019)\SEMESTRUL2\AplProfInBDOO\holiday-finder-app\src\main\java\com\holiday\finder\model\Comment.java
C:\Users\Alenut\Google Drive\FACULTATE 2015\ANUL 1 MASTER (2018-2019)\SEMESTRUL2\AplProfInBDOO\holiday-finder-app\src\main\java\com\holiday\finder\service\CategoryService.java
C:\Users\Alenut\Google Drive\FACULTATE 2015\ANUL 1 MASTER (2018-2019)\SEMESTRUL2\AplProfInBDOO\holiday-finder-app\src\main\java\com\holiday\finder\service\impl\DestinationServiceImpl.java
C:\Users\Alenut\Google Drive\FACULTATE 2015\ANUL 1 MASTER (2018-2019)\SEMESTRUL2\AplProfInBDOO\holiday-finder-app\src\main\java\com\holiday\finder\service\impl\CategoryServiceImpl.java
C:\Users\Alenut\Google Drive\FACULTATE 2015\ANUL 1 MASTER (2018-2019)\SEMESTRUL2\AplProfInBDOO\holiday-finder-app\src\main\java\com\holiday\finder\config\AOPConfig.java
C:\Users\Alenut\Google Drive\FACULTATE 2015\ANUL 1 MASTER (2018-2019)\SEMESTRUL2\AplProfInBDOO\holiday-finder-app\src\main\java\com\holiday\finder\repository\CommentRepository.java
C:\Users\Alenut\Google Drive\FACULTATE 2015\ANUL 1 MASTER (2018-2019)\SEMESTRUL2\AplProfInBDOO\holiday-finder-app\src\main\java\com\holiday\finder\service\PlaceService.java
C:\Users\Alenut\Google Drive\FACULTATE 2015\ANUL 1 MASTER (2018-2019)\SEMESTRUL2\AplProfInBDOO\holiday-finder-app\src\main\java\com\holiday\finder\service\impl\PlaceServiceImpl.java
C:\Users\Alenut\Google Drive\FACULTATE 2015\ANUL 1 MASTER (2018-2019)\SEMESTRUL2\AplProfInBDOO\holiday-finder-app\src\main\java\com\holiday\finder\model\Season.java
C:\Users\Alenut\Google Drive\FACULTATE 2015\ANUL 1 MASTER (2018-2019)\SEMESTRUL2\AplProfInBDOO\holiday-finder-app\src\main\java\com\holiday\finder\controller\IndexController.java
C:\Users\Alenut\Google Drive\FACULTATE 2015\ANUL 1 MASTER (2018-2019)\SEMESTRUL2\AplProfInBDOO\holiday-finder-app\src\main\java\com\holiday\finder\repository\DestinationRepository.java
C:\Users\Alenut\Google Drive\FACULTATE 2015\ANUL 1 MASTER (2018-2019)\SEMESTRUL2\AplProfInBDOO\holiday-finder-app\src\main\java\com\holiday\finder\config\SecurityConfig.java
C:\Users\Alenut\Google Drive\FACULTATE 2015\ANUL 1 MASTER (2018-2019)\SEMESTRUL2\AplProfInBDOO\holiday-finder-app\src\main\java\com\holiday\finder\service\CountryService.java
C:\Users\Alenut\Google Drive\FACULTATE 2015\ANUL 1 MASTER (2018-2019)\SEMESTRUL2\AplProfInBDOO\holiday-finder-app\src\main\java\com\holiday\finder\model\Category.java
C:\Users\Alenut\Google Drive\FACULTATE 2015\ANUL 1 MASTER (2018-2019)\SEMESTRUL2\AplProfInBDOO\holiday-finder-app\src\main\java\com\holiday\finder\aspects\LoggingAspect3.java
C:\Users\Alenut\Google Drive\FACULTATE 2015\ANUL 1 MASTER (2018-2019)\SEMESTRUL2\AplProfInBDOO\holiday-finder-app\src\main\java\com\holiday\finder\service\CommentService.java
C:\Users\Alenut\Google Drive\FACULTATE 2015\ANUL 1 MASTER (2018-2019)\SEMESTRUL2\AplProfInBDOO\holiday-finder-app\src\main\java\com\holiday\finder\service\UserService.java
C:\Users\Alenut\Google Drive\FACULTATE 2015\ANUL 1 MASTER (2018-2019)\SEMESTRUL2\AplProfInBDOO\holiday-finder-app\src\main\java\com\holiday\finder\repository\CountryRepository.java
C:\Users\Alenut\Google Drive\FACULTATE 2015\ANUL 1 MASTER (2018-2019)\SEMESTRUL2\AplProfInBDOO\holiday-finder-app\src\main\java\com\holiday\finder\service\SeasonService.java
C:\Users\Alenut\Google Drive\FACULTATE 2015\ANUL 1 MASTER (2018-2019)\SEMESTRUL2\AplProfInBDOO\holiday-finder-app\src\main\java\com\holiday\finder\Spring5JpaApplication.java
C:\Users\Alenut\Google Drive\FACULTATE 2015\ANUL 1 MASTER (2018-2019)\SEMESTRUL2\AplProfInBDOO\holiday-finder-app\src\main\java\com\holiday\finder\controller\PlaceController.java
C:\Users\Alenut\Google Drive\FACULTATE 2015\ANUL 1 MASTER (2018-2019)\SEMESTRUL2\AplProfInBDOO\holiday-finder-app\src\main\java\com\holiday\finder\model\Place.java
C:\Users\Alenut\Google Drive\FACULTATE 2015\ANUL 1 MASTER (2018-2019)\SEMESTRUL2\AplProfInBDOO\holiday-finder-app\src\main\java\com\holiday\finder\model\Country.java
C:\Users\Alenut\Google Drive\FACULTATE 2015\ANUL 1 MASTER (2018-2019)\SEMESTRUL2\AplProfInBDOO\holiday-finder-app\src\main\java\com\holiday\finder\model\Hello.java
C:\Users\Alenut\Google Drive\FACULTATE 2015\ANUL 1 MASTER (2018-2019)\SEMESTRUL2\AplProfInBDOO\holiday-finder-app\src\main\java\com\holiday\finder\service\impl\SeasonServiceImpl.java
C:\Users\Alenut\Google Drive\FACULTATE 2015\ANUL 1 MASTER (2018-2019)\SEMESTRUL2\AplProfInBDOO\holiday-finder-app\src\main\java\com\holiday\finder\service\impl\UserServiceImpl.java
C:\Users\Alenut\Google Drive\FACULTATE 2015\ANUL 1 MASTER (2018-2019)\SEMESTRUL2\AplProfInBDOO\holiday-finder-app\src\main\java\com\holiday\finder\aspects\LogginAspect1.java
C:\Users\Alenut\Google Drive\FACULTATE 2015\ANUL 1 MASTER (2018-2019)\SEMESTRUL2\AplProfInBDOO\holiday-finder-app\src\main\java\com\holiday\finder\repository\CategoryRepository.java
